ff5@ff5-VirtualBox:~/elgato-gchd/drivers/elgato_gchd$ sudo head -300 /tmp/gchd-usbmon.txt
ffff8b28cab896c0 3922023451 S Ci:2:001:0 s a3 00 0000 0001 0004 4 <
ffff8b28cab896c0 3922023500 C Ci:2:001:0 0 4 = 01050100
ffff8b28cab896c0 3922023509 S Co:2:001:0 s 23 01 0010 0001 0000 0
ffff8b28cab896c0 3922023554 C Co:2:001:0 0 0
ffff8b28cab896c0 3922023580 S Ci:2:001:0 s a3 00 0000 0002 0004 4 <
ffff8b28cab896c0 3922023599 C Ci:2:001:0 0 4 = 00010000
ffff8b28cab896c0 3922023605 S Ci:2:001:0 s a3 00 0000 0003 0004 4 <
ffff8b28cab896c0 3922023619 C Ci:2:001:0 0 4 = 00010000
ffff8b28cab896c0 3922023623 S Ci:2:001:0 s a3 00 0000 0004 0004 4 <
ffff8b28cab896c0 3922023654 C Ci:2:001:0 0 4 = 00010000
ffff8b28cab896c0 3922023658 S Ci:2:001:0 s a3 00 0000 0005 0004 4 <
ffff8b28cab896c0 3922023672 C Ci:2:001:0 0 4 = 00010000
ffff8b28cab896c0 3922023676 S Ci:2:001:0 s a3 00 0000 0006 0004 4 <
ffff8b28cab896c0 3922023689 C Ci:2:001:0 0 4 = 00010000
ffff8b28cab896c0 3922023693 S Ci:2:001:0 s a3 00 0000 0007 0004 4 <
ffff8b28cab896c0 3922023707 C Ci:2:001:0 0 4 = 00010000
ffff8b28cab896c0 3922023711 S Ci:2:001:0 s a3 00 0000 0008 0004 4 <
ffff8b28cab896c0 3922023724 C Ci:2:001:0 0 4 = 00010000
ffff8b28cab896c0 3922023729 S Ci:2:001:0 s a3 00 0000 0009 0004 4 <
ffff8b28cab896c0 3922023742 C Ci:2:001:0 0 4 = 00010000
ffff8b28cab896c0 3922023746 S Ci:2:001:0 s a3 00 0000 000a 0004 4 <
ffff8b28cab896c0 3922023759 C Ci:2:001:0 0 4 = 00010000
ffff8b28cab896c0 3922023763 S Ci:2:001:0 s a3 00 0000 000b 0004 4 <
ffff8b28cab896c0 3922023777 C Ci:2:001:0 0 4 = 00010000
ffff8b28cab896c0 3922023781 S Ci:2:001:0 s a3 00 0000 000c 0004 4 <
ffff8b28cab896c0 3922023795 C Ci:2:001:0 0 4 = 00010000
ffff8b28cab89cc0 3922157889 S Ii:2:001:1 -115:2048 4 <
ffff8b28cab896c0 3922157923 S Ci:2:001:0 s a3 00 0000 0001 0004 4 <
ffff8b28cab896c0 3922157960 C Ci:2:001:0 0 4 = 01050000
ffff8b28cab896c0 3922158137 S Co:2:001:0 s 23 03 0004 0001 0000 0
ffff8b28cab896c0 3922427728 C Co:2:001:0 0 0
ffff8b28cab896c0 3922428122 S Ci:2:001:0 s a3 00 0000 0001 0004 4 <
ffff8b28cab896c0 3922428153 C Ci:2:001:0 0 4 = 03051000
ffff8b28cab896c0 3922428157 S Co:2:001:0 s 23 01 0014 0001 0000 0
ffff8b28cab896c0 3922428166 C Co:2:001:0 0 0
ffff8b28cab896c0 3922501188 S Ci:2:000:0 s 80 06 0100 0000 0040 64 <
ffff8b28cab896c0 3922524586 C Ci:2:000:0 0 18 = 12010002 00000040 d90f5d00 00020102 0301
ffff8b28cab896c0 3922524638 S Co:2:001:0 s 23 03 0004 0001 0000 0
ffff8b28cab896c0 3922794049 C Co:2:001:0 0 0
ffff8b28cab896c0 3922877240 S Ci:2:001:0 s a3 00 0000 0001 0004 4 <
ffff8b28cab896c0 3922877315 C Ci:2:001:0 0 4 = 03051000
ffff8b28cab896c0 3922877324 S Co:2:001:0 s 23 01 0014 0001 0000 0
ffff8b28cab896c0 3922877347 C Co:2:001:0 0 0
ffff8b28cab896c0 3922953202 S Co:2:000:0 s 00 05 0013 0000 0000 0
ffff8b28cab896c0 3922954040 C Co:2:000:0 0 0
ffff8b28cab896c0 3922968758 S Ci:2:019:0 s 80 06 0100 0000 0012 18 <
ffff8b28cab896c0 3922969904 C Ci:2:019:0 0 18 = 12010002 00000040 d90f5d00 00020102 0301
ffff8b28cab896c0 3922969950 S Ci:2:019:0 s 80 06 0200 0000 0009 9 <
ffff8b28cab896c0 3922972630 C Ci:2:019:0 0 9 = 09025100 01010080 64
ffff8b28cab896c0 3922972667 S Ci:2:019:0 s 80 06 0200 0000 0051 81 <
ffff8b28cab896c0 3922975499 C Ci:2:019:0 0 81 = 09025100 01010080 64090400 0009ff00 00000705 81020002 00070502 02000200
ffff8b28cab896c0 3922975532 S Ci:2:019:0 s 80 06 0300 0000 00ff 255 <
ffff8b28cab896c0 3922978124 C Ci:2:019:0 0 4 = 04030904
ffff8b28cab896c0 3922978162 S Ci:2:019:0 s 80 06 0302 0409 00ff 255 <
ffff8b28cab896c0 3922980836 C Ci:2:019:0 0 30 = 1e034700 61006d00 65004300 61007000 74007500 72006500 20004800 4400
ffff8b28cab896c0 3922980863 S Ci:2:019:0 s 80 06 0301 0409 00ff 255 <
ffff8b28cab896c0 3922983459 C Ci:2:019:0 0 14 = 0e034500 6c006700 61007400 6f00
ffff8b28cab896c0 3922983505 S Ci:2:019:0 s 80 06 0303 0409 00ff 255 <
ffff8b28cab896c0 3922986249 C Ci:2:019:0 0 22 = 16033000 34003100 30003700 46003100 32003600 3700
ffff8b28cab896c0 3922986544 S Co:2:019:0 s 00 09 0001 0000 0000 0
ffff8b28cab896c0 3922988613 C Co:2:019:0 0 0
ffff8b28c18a4d80 3927834851 S Co:2:019:0 s 00 09 0001 0000 0000 0
ffff8b28c18a4d80 3927849348 C Co:2:019:0 0 0
ffff8b28c18a4d80 3927849635 S Ci:2:019:0 s c0 bc 0800 0094 0004 4 <
ffff8b28c18a4d80 3927852065 C Ci:2:019:0 0 4 = 56313330
ffff8b28c18a4d80 3927852312 S Ci:2:019:0 s c0 bc 0800 0098 0004 4 <
ffff8b28c18a4d80 3927855087 C Ci:2:019:0 0 4 = 37323330
ffff8b28c18a4d80 3927855423 S Ci:2:019:0 s c0 bc 0800 0094 0004 4 <
ffff8b28c18a4d80 3927857521 C Ci:2:019:0 0 4 = 56313330
ffff8b28c18a4d80 3927857685 S Ci:2:019:0 s c0 bc 0800 0098 0004 4 <
ffff8b28c18a4d80 3927860326 C Ci:2:019:0 0 4 = 37323330
ffff8b28c18a4d80 3927860391 S Ci:2:019:0 s c0 bc 0800 009c 0004 4 <
ffff8b28c18a4d80 3927863078 C Ci:2:019:0 0 4 = 301a0001
ffff8b28c18a4d80 3927863288 S Co:2:019:0 s 40 bc 0900 0000 0002 2 = 0000
ffff8b28c18a4d80 3927865831 C Co:2:019:0 0 2 >
ffff8b28c18a4d80 3927866107 S Ci:2:019:0 s c0 bc 0900 0014 0002 2 <
ffff8b28c18a4d80 3927868778 C Ci:2:019:0 0 2 = 0000
ffff8b28c18a4d80 3927869096 S Ci:2:019:0 s c0 bc 0800 2008 0002 2 <
ffff8b28c18a4d80 3927871307 C Ci:2:019:0 0 2 = 0000
ffff8b28c18a4d80 3927871481 S Ii:2:019:3 -115:1 3 <
ffff8b28c18a4d80 3927872585 C Ii:2:019:3 0:1 3 = 100000
ffff8b28c18a4d80 3927872771 S Ci:2:019:0 s c0 bc 0900 0074 0002 2 <
ffff8b28c18a4d80 3927875331 C Ci:2:019:0 0 2 = 0004
ffff8b28c18a4d80 3927875462 S Co:2:019:0 s 40 bc 0900 0074 0002 2 = 0004
ffff8b28c18a4d80 3927878044 C Co:2:019:0 0 2 >
ffff8b28c18a4d80 3927878337 S Bo:2:019:2 -115 32768 = 4d423841 43303331 00000000 000000a0 00380000 00000014 00050d90 6f50864a
ffff8b28c18a4d80 3927881574 C Bo:2:019:2 0 32768 >
ffff8b28c18a4d80 3927881729 S Bo:2:019:2 -115 32768 = a4c4b60d a0831bcb 0d10dbf1 23542d3c d9c3d464 ee661e03 7ef351ac 9e0b249b
ffff8b28c18a4d80 3927885122 C Bo:2:019:2 0 32768 >
ffff8b28c18a4d80 3927885380 S Bo:2:019:2 -115 32768 = d6f93130 7af02ee1 08843930 9bb064b1 410d7546 9db04d07 fa1f7a53 43219826
ffff8b28c18a4d80 3927888660 C Bo:2:019:2 0 32768 >
ffff8b28c18a4d80 3927888882 S Bo:2:019:2 -115 32768 = 4a34b66f d319e97a dd318459 90e3b953 1cf95ac0 7bb617c6 c3bba2b9 bf26418e
ffff8b28c18a4d80 3927892074 C Bo:2:019:2 0 32768 >
ffff8b28c18a4d80 3927892226 S Bo:2:019:2 -115 32768 = b668c7ad f6b6a35e bfaabe86 fe247791 cb498167 afda8f8c 0ce0f9e3 027ecb34
ffff8b28c18a4d80 3927895681 C Bo:2:019:2 0 32768 >
ffff8b28c18a4d80 3927895826 S Bo:2:019:2 -115 32768 = 5c5f48db 770a616e 440d511c aaf9a22e 66ee4750 e795bf97 13c264d0 448f9b23
ffff8b28c18a4d80 3927899262 C Bo:2:019:2 0 32768 >
ffff8b28c18a4d80 3927899403 S Bo:2:019:2 -115 32768 = f5b265fe f36897df bf52ebdf 4e54ffb0 dd37829e fede5648 6dbb506d 950ac0bd
ffff8b28c18a4d80 3927903022 C Bo:2:019:2 0 32768 >
ffff8b28c18a4d80 3927903166 S Bo:2:019:2 -115 32768 = b2c78ffe 68116f49 5042726a 4bb5c560 3509afc3 fea483ac 5cdc4bb1 181e0e68
ffff8b28c18a4d80 3927906658 C Bo:2:019:2 0 32768 >
ffff8b28c18a4d80 3927906824 S Bo:2:019:2 -115 32768 = 87535b5e ca89500e 4ae579c9 fd8d8e0b a91bbe69 347dbd24 2451abd1 4318fd9d
ffff8b28c18a4d80 3927910255 C Bo:2:019:2 0 32768 >
ffff8b28c18a4d80 3927910421 S Bo:2:019:2 -115 32768 = 4e04e3d7 70d16153 dc38ece3 e5836d2b 8b4bd98b 7e83794a cbd427da 1c96a42e
ffff8b28c18a4d80 3927913752 C Bo:2:019:2 0 32768 >
ffff8b28c18a4d80 3927913933 S Bo:2:019:2 -115 4016 = 85ee7d42 aa686f55 5aaa8f07 9e95da15 8e4d5a3d 9169ed0c bebd7b82 4d7d6f9b
ffff8b28c18a4d80 3927916155 C Bo:2:019:2 0 4016 >
ffff8b28c18a4d80 3927916297 S Co:2:019:0 s 40 bc 0900 0070 0002 2 = 0004
ffff8b28c18a4d80 3927918811 C Co:2:019:0 0 2 >
ffff8b28c18a4d80 3927918969 S Ci:2:019:0 s c0 bc 0900 0014 0002 2 <
ffff8b28c18a4d80 3927961175 C Ci:2:019:0 0 2 = d080
ffff8b28c18a4d80 3927961485 S Ci:2:019:0 s c0 bc 0900 0018 0002 2 <
ffff8b28c18a4d80 3927963832 C Ci:2:019:0 0 2 = 0000
ffff8b28c18a4d80 3927964069 S Ci:2:019:0 s c0 bc 0000 0010 0002 2 <
ffff8b28c18a4d80 3927966584 C Ci:2:019:0 0 2 = 2013
ffff8b28c18a4d80 3927966674 S Ci:2:019:0 s c0 bc 0000 0012 0002 2 <
ffff8b28c18a4d80 3927969114 C Ci:2:019:0 0 2 = 1210
ffff8b28c18a4d80 3927969280 S Ci:2:019:0 s c0 bc 0000 0014 0002 2 <
ffff8b28c18a4d80 3927971910 C Ci:2:019:0 0 2 = 1880
ffff8b28c18a4d80 3927972099 S Ci:2:019:0 s c0 bc 0000 0016 0002 2 <
ffff8b28c18a4d80 3927974761 C Ci:2:019:0 0 2 = 2030
ffff8b28c18a4d80 3927974927 S Ci:2:019:0 s c0 bc 0000 0018 0002 2 <
ffff8b28c18a4d80 3927977427 C Ci:2:019:0 0 2 = 2013
ffff8b28c18a4d80 3927977619 S Ci:2:019:0 s c0 bc 0000 001a 0002 2 <
ffff8b28c18a4d80 3927980231 C Ci:2:019:0 0 2 = 1210
ffff8b28c18a4d80 3927980374 S Ci:2:019:0 s c0 bc 0000 001c 0002 2 <
ffff8b28c18a4d80 3927982926 C Ci:2:019:0 0 2 = 1880
ffff8b28c18a4d80 3927983114 S Ci:2:019:0 s c0 bc 0000 001e 0002 2 <
ffff8b28c18a4d80 3927985612 C Ci:2:019:0 0 2 = 2030
ffff8b28c18a4d80 3927985743 S Ci:2:019:0 s c0 bc 0800 2008 0002 2 <
ffff8b28c18a4d80 3927988307 C Ci:2:019:0 0 2 = 0010
ffff8b28c18a4d80 3927988476 S Co:2:019:0 s 40 b8 0000 0000 0004 4 = 01000000
ffff8b28c18a4d80 3927991052 C Co:2:019:0 0 4 >
ffff8b28c18a4d80 3927991216 S Ii:2:019:3 -115:1 3 <
ffff8b28c18a4d80 3927992333 C Ii:2:019:3 0:1 3 = 100000
ffff8b28c18a4d80 3927992463 S Ci:2:019:0 s c0 bc 0800 0014 0002 2 <
ffff8b28c18a4d80 3927995019 C Ci:2:019:0 0 2 = 0100
ffff8b28c18a4d80 3927995186 S Ci:2:019:0 s c0 bc 0800 2008 0002 2 <
ffff8b28c18a4d80 3927997827 C Ci:2:019:0 0 2 = 0011
ffff8b28c18a4d80 3927997982 S Ci:2:019:0 s c0 bc 0900 0074 0002 2 <
ffff8b28c18a4d80 3928000530 C Ci:2:019:0 0 2 = 000c
ffff8b28c18a4d80 3928000711 S Ci:2:019:0 s c0 bc 0900 01b0 0002 2 <
ffff8b28c18a4d80 3928003369 C Ci:2:019:0 0 2 = 0000
ffff8b28c18a4d80 3928003538 S Ci:2:019:0 s c0 bc 0800 2008 0002 2 <
ffff8b28c18a4d80 3928006057 C Ci:2:019:0 0 2 = 0011
ffff8b28c18a4d80 3928006217 S Ci:2:019:0 s c0 bc 0800 2008 0002 2 <
ffff8b28c18a4d80 3928008808 C Ci:2:019:0 0 2 = 0011
ffff8b28c18a4d80 3928008964 S Co:2:019:0 s 40 bc 0900 0074 0002 2 = 0004
ffff8b28c18a4d80 3928011510 C Co:2:019:0 0 2 >
ffff8b28c18a4d80 3928011676 S Co:2:019:0 s 40 bc 0900 01b0 0002 2 = 0000
ffff8b28c18a4d80 3928014304 C Co:2:019:0 0 2 >
ffff8b28c18a4d80 3928014438 S Co:2:019:0 s 40 bc 0800 00c0 0006 6 = aba90fa4 5500
ffff8b28c18a4d80 3928017063 C Co:2:019:0 0 6 >
ffff8b28c18a4d80 3928017223 S Co:2:019:0 s 40 b9 0000 0000 0004 4 = 09006605
ffff8b28c18a4d80 3928019748 C Co:2:019:0 0 4 >
ffff8b28c18a4d80 3928019891 S Ii:2:019:3 -115:1 3 <
ffff8b28c18a4d80 3928021132 C Ii:2:019:3 0:1 3 = 100000
ffff8b28c18a4d80 3928021279 S Ci:2:019:0 s c0 bc 0800 0016 0002 2 <
ffff8b28c18a4d80 3928023902 C Ci:2:019:0 0 2 = 0900
ffff8b28c18a4d80 3928024069 S Ci:2:019:0 s c0 bc 0900 001c 0002 2 <
ffff8b28c18a4d80 3928026645 C Ci:2:019:0 0 2 = 2e69
ffff8b28c18a4d80 3928026722 S Ci:2:019:0 s c0 bc 0800 23be 0002 2 <
ffff8b28c18a4d80 3928029261 C Ci:2:019:0 0 2 = 0000
ffff8b28c18a4d80 3928029367 S Co:2:019:0 s 40 bc 0900 0014 0002 2 = d080
ffff8b28c18a4d80 3928031991 C Co:2:019:0 0 2 >
ffff8b28c18a4d80 3928032093 S Ci:2:019:0 s c0 bc 0900 001c 0002 2 <
ffff8b28c18a4d80 3928034747 C Ci:2:019:0 0 2 = 2e69
ffff8b28c18a4d80 3928034851 S Co:2:019:0 s 40 b9 0000 0000 0004 4 = 09016603
ffff8b28c18a4d80 3928037367 C Co:2:019:0 0 4 >
ffff8b28c18a4d80 3928037469 S Ii:2:019:3 -115:1 3 <
ffff8b28c18a4d80 3928038683 C Ii:2:019:3 0:1 3 = 100000
ffff8b28c18a4d80 3928038788 S Ci:2:019:0 s c0 bc 0800 0016 0002 2 <
ffff8b28c18a4d80 3928041365 C Ci:2:019:0 0 2 = 0900
ffff8b28c18a4d80 3928041443 S Ci:2:019:0 s c0 bc 0900 001c 0002 2 <
ffff8b28c18a4d80 3928044168 C Ci:2:019:0 0 2 = 2e69
ffff8b28c18a4d80 3928044300 S Ci:2:019:0 s c0 bc 0800 23be 0006 6 <
ffff8b28c18a4d80 3928046746 C Ci:2:019:0 0 6 = 00003344 5500
ffff8b28c18a4d80 3928046882 S Co:2:019:0 s 40 bc 0800 00c0 0006 6 = aba90fa4 5500
ffff8b28c18a4d80 3928049374 C Co:2:019:0 0 6 >
ffff8b28c18a4d80 3928049503 S Co:2:019:0 s 40 b9 0000 0000 0004 4 = 09006605
ffff8b28c18a4d80 3928052159 C Co:2:019:0 0 4 >
ffff8b28c18a4d80 3928052300 S Ii:2:019:3 -115:1 3 <
ffff8b28c18a4d80 3928053452 C Ii:2:019:3 0:1 3 = 100000
ffff8b28c18a4d80 3928053601 S Ci:2:019:0 s c0 bc 0800 0016 0002 2 <
ffff8b28c18a4d80 3928056331 C Ci:2:019:0 0 2 = 0900
ffff8b28c18a4d80 3928056441 S Ci:2:019:0 s c0 bc 0900 001c 0002 2 <
ffff8b28c18a4d80 3928059015 C Ci:2:019:0 0 2 = 2e69
ffff8b28c18a4d80 3928059150 S Ci:2:019:0 s c0 bc 0800 23be 0002 2 <
ffff8b28c18a4d80 3928061725 C Ci:2:019:0 0 2 = 0000
ffff8b28c18a4d80 3928061851 S Co:2:019:0 s 40 bc 0900 0014 0002 2 = d080
ffff8b28c18a4d80 3928064379 C Co:2:019:0 0 2 >
ffff8b28c18a4d80 3928064505 S Ci:2:019:0 s c0 bc 0900 001c 0002 2 <
ffff8b28c18a4d80 3928067171 C Ci:2:019:0 0 2 = 2e69
ffff8b28c18a4d80 3928067303 S Co:2:019:0 s 40 b9 0000 0000 0004 4 = 09016603
ffff8b28c18a4d80 3928069916 C Co:2:019:0 0 4 >
ffff8b28c18a4d80 3928070088 S Ii:2:019:3 -115:1 3 <
ffff8b28c18a4d80 3928071169 C Ii:2:019:3 0:1 3 = 100000
ffff8b28c18a4d80 3928071237 S Ci:2:019:0 s c0 bc 0800 0016 0002 2 <
ffff8b28c18a4d80 3928074002 C Ci:2:019:0 0 2 = 0900
ffff8b28c18a4d80 3928074158 S Ci:2:019:0 s c0 bc 0900 001c 0002 2 <
ffff8b28c18a4d80 3928076825 C Ci:2:019:0 0 2 = 2e69
ffff8b28c18a4d80 3928076952 S Ci:2:019:0 s c0 bc 0800 23be 0006 6 <
ffff8b28c18a4d80 3928079591 C Ci:2:019:0 0 6 = 00003344 5500
ffff8b28c18a4d80 3928079758 S Co:2:019:0 s 40 bc 0900 0014 0002 2 = d080
ffff8b28c18a4d80 3928082324 C Co:2:019:0 0 2 >
ffff8b28c18a4d80 3928082479 S Ci:2:019:0 s c0 bc 0900 001c 0002 2 <
ffff8b28c18a4d80 3928085009 C Ci:2:019:0 0 2 = 2e69
ffff8b28c18a4d80 3928085166 S Co:2:019:0 s 40 bc 0900 0014 0002 2 = d084
ffff8b28c18a4d80 3928087774 C Co:2:019:0 0 2 >
ffff8b28c18a4d80 3928087933 S Co:2:019:0 s 40 bc 0900 0018 0002 2 = 0004
ffff8b28c18a4d80 3928090502 C Co:2:019:0 0 2 >
ffff8b28c18a4d80 3928090625 S Ci:2:019:0 s c0 bc 0900 0014 0002 2 <
ffff8b28c18a4d80 3928093184 C Ci:2:019:0 0 2 = d084
ffff8b28c18a4d80 3928093341 S Ci:2:019:0 s c0 bc 0900 0018 0002 2 <
ffff8b28c18a4d80 3928095929 C Ci:2:019:0 0 2 = 0004
ffff8b28c18a4d80 3928096093 S Co:2:019:0 s 40 bc 0900 0014 0002 2 = d086
ffff8b28c18a4d80 3928098633 C Co:2:019:0 0 2 >
ffff8b28c18a4d80 3928098806 S Co:2:019:0 s 40 bc 0900 0018 0002 2 = 0006
ffff8b28c18a4d80 3928101286 C Co:2:019:0 0 2 >
ffff8b28c18a4d80 3928101444 S Ci:2:019:0 s c0 bc 0900 0014 0002 2 <
ffff8b28c18a4d80 3928104024 C Ci:2:019:0 0 2 = d086
ffff8b28c18a4d80 3928104181 S Ci:2:019:0 s c0 bc 0900 0018 0002 2 <
ffff8b28c18a4d80 3928106646 C Ci:2:019:0 0 2 = 0006
ffff8b28c18a4d80 3928106813 S Co:2:019:0 s 40 bc 0800 00c0 0006 6 = aba90fa4 5500
ffff8b28c18a4d80 3928109289 C Co:2:019:0 0 6 >
ffff8b28c18a4d80 3928109442 S Co:2:019:0 s 40 b9 0000 0000 0004 4 = 09006605
ffff8b28c18a4d80 3928112015 C Co:2:019:0 0 4 >
ffff8b28c18a4d80 3928112168 S Ii:2:019:3 -115:1 3 <
ffff8b28c18a4d80 3928113386 C Ii:2:019:3 0:1 3 = 100000
ffff8b28c18a4d80 3928113506 S Ci:2:019:0 s c0 bc 0800 0016 0002 2 <
ffff8b28c18a4d80 3928116201 C Ci:2:019:0 0 2 = 0900
ffff8b28c18a4d80 3928116286 S Ci:2:019:0 s c0 bc 0900 001c 0002 2 <
ffff8b28c18a4d80 3928118860 C Ci:2:019:0 0 2 = 2e6b
ffff8b28c18a4d80 3928119060 S Ci:2:019:0 s c0 bc 0800 23be 0002 2 <
ffff8b28c18a4d80 3928121485 C Ci:2:019:0 0 2 = 0000
ffff8b28c18a4d80 3928121651 S Co:2:019:0 s 40 bc 0900 0014 0002 2 = d086
ffff8b28c18a4d80 3928124267 C Co:2:019:0 0 2 >
ffff8b28c18a4d80 3928124405 S Ci:2:019:0 s c0 bc 0900 001c 0002 2 <
ffff8b28c18a4d80 3928127030 C Ci:2:019:0 0 2 = 2e6b
ffff8b28c18a4d80 3928127238 S Co:2:019:0 s 40 b9 0000 0000 0004 4 = 09016603
ffff8b28c18a4d80 3928129765 C Co:2:019:0 0 4 >
ffff8b28c18a4d80 3928129916 S Ii:2:019:3 -115:1 3 <
ffff8b28c18a4d80 3928131146 C Ii:2:019:3 0:1 3 = 100000
ffff8b28c18a4d80 3928131300 S Ci:2:019:0 s c0 bc 0800 0016 0002 2 <
ffff8b28c18a4d80 3928133900 C Ci:2:019:0 0 2 = 0900
ffff8b28c18a4d80 3928134070 S Ci:2:019:0 s c0 bc 0900 001c 0002 2 <
ffff8b28c18a4d80 3928136648 C Ci:2:019:0 0 2 = 2e6b
ffff8b28c18a4d80 3928136813 S Ci:2:019:0 s c0 bc 0800 23be 0006 6 <
ffff8b28c18a4d80 3928139364 C Ci:2:019:0 0 6 = 00003344 5500
ffff8b28c18a4d80 3928139538 S Co:2:019:0 s 40 bc 0900 0014 0002 2 = d086
ffff8b28c18a4d80 3928142029 C Co:2:019:0 0 2 >
ffff8b28c18a4d80 3928142196 S Ci:2:019:0 s c0 bc 0900 001c 0002 2 <
ffff8b28c18a4d80 3928144663 C Ci:2:019:0 0 2 = 2e6b
ffff8b28c18a4d80 3928144840 S Co:2:019:0 s 40 bc 0900 0014 0002 2 = d086
ffff8b28c18a4d80 3928147278 C Co:2:019:0 0 2 >
ffff8b28c18a4d80 3928147459 S Co:2:019:0 s 40 bc 0900 0018 0002 2 = 0006
ffff8b28c18a4d80 3928149904 C Co:2:019:0 0 2 >
ffff8b28c18a4d80 3928150089 S Ci:2:019:0 s c0 bc 0900 0014 0002 2 <
ffff8b28c18a4d80 3928152515 C Ci:2:019:0 0 2 = d086
ffff8b28c18a4d80 3928152690 S Ci:2:019:0 s c0 bc 0900 0018 0002 2 <
ffff8b28c18a4d80 3928155248 C Ci:2:019:0 0 2 = 0006
ffff8b28c18a4d80 3928155428 S Co:2:019:0 s 40 bc 0900 0014 0002 2 = d086
ffff8b28c18a4d80 3928157979 C Co:2:019:0 0 2 >
ffff8b28c18a4d80 3928158143 S Co:2:019:0 s 40 bc 0900 0018 0002 2 = 0006
ffff8b28c18a4d80 3928160532 C Co:2:019:0 0 2 >
ffff8b28c18a4d80 3928160643 S Ci:2:019:0 s c0 bc 0900 0014 0002 2 <
ffff8b28c18a4d80 3928163289 C Ci:2:019:0 0 2 = d086
ffff8b28c18a4d80 3928163448 S Ci:2:019:0 s c0 bc 0900 0018 0002 2 <
ffff8b28c18a4d80 3928166052 C Ci:2:019:0 0 2 = 0006
ffff8b28c18a4d80 3928166184 S Co:2:019:0 s 40 bc 0800 00c0 0006 6 = aba90fa4 5500
ffff8b28c18a4d80 3928168630 C Co:2:019:0 0 6 >
ffff8b28c18a4d80 3928168796 S Co:2:019:0 s 40 b9 0000 0000 0004 4 = 09006605
ffff8b28c18a4d80 3928171292 C Co:2:019:0 0 4 >
ffff8b28c18a4d80 3928171423 S Ii:2:019:3 -115:1 3 <
ffff8b28c18a4d80 3928172588 C Ii:2:019:3 0:1 3 = 100000
ffff8b28c18a4d80 3928172700 S Ci:2:019:0 s c0 bc 0800 0016 0002 2 <
ffff8b28c18a4d80 3928175265 C Ci:2:019:0 0 2 = 0900
ffff8b28c18a4d80 3928175425 S Ci:2:019:0 s c0 bc 0900 001c 0002 2 <
ffff8b28c18a4d80 3928177985 C Ci:2:019:0 0 2 = 2e6b
ffff8b28c18a4d80 3928178120 S Ci:2:019:0 s c0 bc 0800 23be 0002 2 <
ffff8b28c18a4d80 3928180843 C Ci:2:019:0 0 2 = 0000
ffff8b28c18a4d80 3928181008 S Co:2:019:0 s 40 bc 0900 0014 0002 2 = d086
ffff8b28c18a4d80 3928183497 C Co:2:019:0 0 2 >
ffff8b28c18a4d80 3928183641 S Ci:2:019:0 s c0 bc 0900 001c 0002 2 <
ffff8b28c18a4d80 3928186168 C Ci:2:019:0 0 2 = 2e6b
ffff8b28c18a4d80 3928186299 S Co:2:019:0 s 40 b9 0000 0000 0004 4 = 09016603
ffff8b28c18a4d80 3928188899 C Co:2:019:0 0 4 >
ffff8b28c18a4d80 3928189069 S Ii:2:019:3 -115:1 3 <
ffff8b28c18a4d80 3928190173 C Ii:2:019:3 0:1 3 = 100000
ffff8b28c18a4d80 3928190326 S Ci:2:019:0 s c0 bc 0800 0016 0002 2 <
ffff8b28c18a4d80 3928193043 C Ci:2:019:0 0 2 = 0900
ffff8b28c18a4d80 3928193148 S Ci:2:019:0 s c0 bc 0900 001c 0002 2 <
ffff8b28c18a4d80 3928195581 C Ci:2:019:0 0 2 = 2e6b
ffff8b28c18a4d80 3928195694 S Ci:2:019:0 s c0 bc 0800 23be 0006 6 <
ffff8b28c18a4d80 3928198439 C Ci:2:019:0 0 6 = 00003344 5500
ffff8b28c18a4d80 3928198592 S Co:2:019:0 s 40 bc 0900 0014 0002 2 = d086
ffff8b28c18a4d80 3928200996 C Co:2:019:0 0 2 >
ffff8b28c18a4d80 3928201152 S Ci:2:019:0 s c0 bc 0900 001c 0002 2 <
ffff8b28c18a4d80 3928203641 C Ci:2:019:0 0 2 = 2e6b
ffff8b28c18a4d80 3928203838 S Co:2:019:0 s 40 bc 0900 0014 0002 2 = d086
[1]+  Terminated              sudo cat /sys/kernel/debug/usb/usbmon/2u > /tmp/gchd-usbmon.txt
